(module
  (table $table0 0 anyfunc)
  (export "a" (table $table0))
)
