(module
  (memory $memory0 0 1)
  (export "a" (memory $memory0))
)
